---
source: src/tests/integration/terminal_window_resize.rs
expression: snapshot_before_quit

---
aaaaaaaaaaaaaaaaaaaaaaaaaaaaaaa                                                                                          
line16-aaaaaaaaaaaaaaaaaaaaaaaaaaaaaaaaaaaaaaaaaaaaaaaaaaaaaaaaaaaaaaaaaaaaaaaaaaaaaaaaaaa                               
aaaaaaaaaaaaaaaaaaaaaaaaaaaaaaa                                                                                          
line17-aaaaaaaaaaaaaaaaaaaaaaaaaaaaaaaaaaaaaaaaaaaaaaaaaaaaaaaaaaaaaaaaaaaaaaaaaaaaaaaaaaa                               
aaaaaaaaaaaaaaaaaaaaaaaaaaaaaaa                                                                                          
line18-aaaaaaaaaaaaaaaaaaaaaaaaaaaaaaaaaaaaaaaaaaaaaaaaaaaaaaaaaaaaaaaaaaaaaaaaaaaaaaaaaaa                               
aaaaaaaaaaaaaaaaaaaaaaaaaaaaaaa                                                                                          
line19-aaaaaaaaaaaaaaaaaaaaaaaaaaaaaaaaaaaaaaaaaaaaaaaaaaaaaaaaaaaaaaaaaaaaaaaaaaaaaaaaaaa                               
aaaaaaaaaaaaaaaaaaaaaaaaaaaaaaa                                                                                          
prompt $ â–ˆ                                                                                                               
                                                                                                                         
                                                                                                                         
                                                                                                                         
                                                                                                                         
                                                                                                                         
                                                                                                                         
                                                                                                                         
                                                                                                                         
                                                                                                                         
                                                                                                                         
